задание: 1.3.6
проект: 134-led-module
устройство: 2e8a:000a
серийный номер: 50447353A888770C
порт: COM7
начало: 2026-10-01T12:00:13
   0.000 --> v
   0.009 <-- dbg main:98 got v
   0.011 <-- device: es-led-module 1.0.0, built Oct  1 2026 11:57:18, log level 3
   1.022 --> e
   1.023 <-- dbg main:98 got e
   1.024 <-- inf handle_command:31 led on
   2.030 --> d
   2.030 <-- dbg main:98 got d
   2.031 <-- inf handle_command:38 led off
   3.036 --> q
   3.037 <-- dbg main:98 got q
   3.038 <-- err handle_command:47 unknown command: q
   3.512 <-- inf main:85 led on
   3.968 <-- inf main:85 led off
   4.288 <-- inf main:85 led on
   4.520 <-- inf main:85 led off
   4.738 <-- inf main:85 led on
   4.948 <-- inf main:85 led off
   5.143 <-- inf main:85 led on
   5.359 <-- inf main:85 led off
   5.541 <-- inf main:85 led on
   5.740 <-- inf main:85 led off
   5.936 <-- inf main:85 led on
   6.085 <-- inf main:85 led off
   6.392 <-- inf main:85 led on
   7.112 <-- inf main:85 led off
   7.438 <-- inf main:85 led on
   7.837 <-- inf main:85 led off
   8.055 <-- inf main:85 led on
   8.253 <-- inf main:85 led off
   8.443 <-- inf main:85 led on
   8.634 <-- inf main:85 led off
   8.855 <-- inf main:85 led on
итог: отправлено команд 4
